../Core/Src/library/st7735/st7735.c:75:13:ST7735_Reset	8	static
../Core/Src/library/st7735/st7735.c:81:13:ST7735_WriteCommand	16	static
../Core/Src/library/st7735/st7735.c:86:13:ST7735_WriteData	16	static
../Core/Src/library/st7735/st7735.c:91:13:ST7735_ExecuteCommandList	24	static
../Core/Src/library/st7735/st7735.c:111:13:ST7735_SetAddressWindow	32	static
../Core/Src/library/st7735/st7735.c:126:6:ST7735_Init	8	static
../Core/Src/library/st7735/st7735.c:133:13:ST7735_WriteChar	48	static
../Core/Src/library/st7735/st7735.c:152:6:ST7735_WriteString	32	static
../Core/Src/library/st7735/st7735.c:177:6:ST7735_FillRectangle	32	static
../Core/Src/library/st7735/st7735.c:202:6:ST7735_FillScreen	24	static
